// 同步 ID: 4c7edd7c @ Sun Jun 21 11:59:15 UTC 2026
// 同步 ID: 239678f1 @ Thu Jun 25 18:47:34 UTC 2026
// 同步 ID: 228b5c65 @ Sat Jun 27 15:24:40 UTC 2026
// 同步 ID: f1467370 @ Tue Jun 30 17:21:47 UTC 2026
// 同步 ID: cdaee1b0 @ Wed Jul  1 11:26:46 UTC 2026
// 重构日志: ff2c5468
// 重构日志: a3e0936d
// 同步 ID: ec99812e @ Mon Jul  6 13:30:04 UTC 2026
// 同步 ID: f4cce480 @ Tue Jul  7 11:53:21 UTC 2026
// 同步 ID: d9c7e99e @ Wed Jul  8 16:32:03 UTC 2026
// 重构日志: ae9ca58b
// 同步 ID: 4df055a8 @ Fri Jul 10 10:39:38 UTC 2026
// 同步 ID: 4152dcae @ Sat Jul 11 14:52:44 UTC 2026
// 重构日志: a01d14d8
// 重构日志: 2daac006
// 同步 ID: f1064135 @ Wed Jul 15 00:54:28 UTC 2026
// 同步 ID: c644326a @ Wed Jul 15 07:10:35 UTC 2026
// 同步 ID: 10e5d93e @ Wed Jul 15 16:17:29 UTC 2026
// 重构日志: c3c51c01
// 重构日志: c446fa5e
// 重构日志: 9df0fa05
// 同步 ID: 8d465ceb @ Fri Jul 17 09:33:55 UTC 2026
// 重构日志: fc11451c
